// Jest Snapshot v1, https://goo.gl/fbAQLP

exports[`ContactDetailsPage matches snapshot 1`] = `
<Page
  scrollingDisabled={false}
  title="ContactDetailsPage.title"
>
  <LayoutSideNavigation
    className={null}
    containerClassName={null}
    rootClassName={null}
  >
    <LayoutWrapperTopbar
      className={null}
      rootClassName={null}
    >
      <withRouter(Connect(TopbarContainerComponent))
        currentPage="ContactDetailsPage"
      />
      <UserNav
        className={null}
        rootClassName={null}
        selectedPageName="ContactDetailsPage"
      />
    </LayoutWrapperTopbar>
    <LayoutWrapperSideNav
      className={null}
      rootClassName={null}
      tabs={
        Array [
          Object {
            "linkProps": Object {
              "name": "ContactDetailsPage",
            },
            "selected": true,
            "text": <FormattedMessage
              id="ContactDetailsPage.contactDetailsTabTitle"
              values={Object {}}
            />,
          },
          Object {
            "linkProps": Object {
              "name": "PasswordChangePage",
            },
            "selected": false,
            "text": <FormattedMessage
              id="ContactDetailsPage.passwordTabTitle"
              values={Object {}}
            />,
          },
          Object {
            "linkProps": Object {
              "name": "PayoutPreferencesPage",
            },
            "selected": false,
            "text": <FormattedMessage
              id="ContactDetailsPage.paymentsTabTitle"
              values={Object {}}
            />,
          },
        ]
      }
    />
    <LayoutWrapperMain
      className={null}
      rootClassName={null}
    >
      <div>
        <h1>
          <FormattedMessage
            id="ContactDetailsPage.heading"
            values={Object {}}
          />
        </h1>
      </div>
    </LayoutWrapperMain>
    <LayoutWrapperFooter
      className={null}
      rootClassName={null}
    >
      <InjectIntl(Footer) />
    </LayoutWrapperFooter>
  </LayoutSideNavigation>
</Page>
`;
